// Jest Snapshot v1, https://goo.gl/fbAQLP

exports[`Should renders correctly 1`] = `
<button
  onClick={[Function]}
  type="button"
>
  button
</button>
`;
