// Jest Snapshot v1, https://goo.gl/fbAQLP

exports[`Should render correctly 1`] = `
<div
  className="display"
>
  <h5
    className="resultDisplayer"
  >
    Some value
  </h5>
  <h5
    className="partialDisplayer"
  >
    0 0
  </h5>
</div>
`;
